# experiment: replicate-shiu-fixed
# started:    20260913T140218Z
# host:       homedev-lan
# command:    bench/replicate_shiu.py --out out/replicate_shiu.json
# code:       36731e1

/home/annelo/Projects/flybrain/.venv/lib/python3.11/site-packages/numpy/lib/_nanfunctions_impl.py:1213: RuntimeWarning: Mean of empty slice
  return np.nanmean(a, axis, out=out, keepdims=keepdims)
graph: 138,639 neurons, 15,091,983 connections
sugar receptor neurons found: 20 of 21  missing [720575940620900446]
protocol: 100 Hz Poisson, 10 runs of 1000 ms, w_syn 0.275 mV

not present in this graph: ['MN9_l', 'TH-VUM']

  neuron        published       ours      sd      diff   ratio
  Zorro_l           102.2      107.2     1.2      +5.0    1.05
  G2N-1_l            69.4       59.2     1.1     -10.2    0.85
  Rattle_l           75.4       77.2     1.3      +1.8    1.02
  Usnea_l            72.6       81.9     0.8      +9.3    1.13
  Clavicle_l         54.0       34.7     1.2     -19.3    0.64
  FMIn_l             61.3       67.6     0.8      +6.3    1.10
  MN9_r              68.0       67.8     2.9      -0.2    1.00
  Phantom_l          57.6       58.4     0.5      +0.8    1.01
  Roundup_l          46.3       38.1     1.4      -8.2    0.82
  Fdg_l              38.3       42.2     1.5      +3.9    1.10
  MN6_r              31.7       27.9     2.0      -3.8    0.88
  Fudog_l             0.5        0.1     0.3      -0.4     nan
  Bract_l             5.1        2.5     1.4      -2.6    0.49

  median ratio ours/published: 1.01   range 0.49 to 1.13
  correlation across the fifteen neurons: 0.970

  a correct engine should land close to 1.00 on the ratio and high
  on the correlation. A systematic ratio away from 1 with a high
  correlation points at one shared constant, not at the wiring.

wrote out/replicate_shiu.json

# exit status: 0
# finished:    20260913T140240Z
